Archive member included because of file (symbol)

c:/nxp/lpcxpresso_7.7.2_379/lpcxpresso/tools/bin/../lib/gcc/arm-none-eabi/4.9.3/../../../../arm-none-eabi/lib/armv7-m\libcr_c.a(__weak__main.o)
                              ./src/FW_Inicializaciones/cr_startup_lpc176x.o (__main)
c:/nxp/lpcxpresso_7.7.2_379/lpcxpresso/tools/bin/../lib/gcc/arm-none-eabi/4.9.3/../../../../arm-none-eabi/lib/armv7-m\libcr_c.a(strcpy.o)
                              ./src/FW_Drivers/FW_UART2.o (strcpy)
c:/nxp/lpcxpresso_7.7.2_379/lpcxpresso/tools/bin/../lib/gcc/arm-none-eabi/4.9.3/../../../../arm-none-eabi/lib/armv7-m\libcr_c.a(strlen.o)
                              ./src/FW_Drivers/FW_Pantalla.o (strlen)

Allocating common symbols
Common symbol       size              file

EventosM            0x1               ./src/main.o
tx_buffer_empty3    0x1               ./src/FW_Drivers/PR_Serie3.o
tx_in2              0x1               ./src/FW_Drivers/PR_Serie2.o
TmrRunM             0x24              ./src/main.o
flag_flash          0x1               ./src/main.o
velocidadActual     0x1               ./src/main.o
rx_in2              0x1               ./src/FW_Drivers/PR_Serie2.o
cambioDeIndice      0x1               ./src/main.o
tx_in3              0x1               ./src/FW_Drivers/PR_Serie3.o
txStart             0x1               ./src/FW_Drivers/FW_UART2.o
bufferRx2           0xc8              ./src/FW_Drivers/PR_Serie2.o
bufferuart3         0x10              ./src/main.o
bufferTx3           0xc8              ./src/FW_Drivers/PR_Serie3.o
bufferPantalla      0x2bc             ./src/main.o
indexRestart        0x2               ./src/main.o
bufferTx2           0xc8              ./src/FW_Drivers/PR_Serie2.o
rx_out2             0x1               ./src/FW_Drivers/PR_Serie2.o
tx_out3             0x1               ./src/FW_Drivers/PR_Serie3.o
Mensajes            0xaa5             ./src/main.o
txStart3            0x1               ./src/FW_Drivers/FW_UART3.o
tx_out2             0x1               ./src/FW_Drivers/PR_Serie2.o
Humestring          0x7               ./src/main.o
rx_out3             0x1               ./src/FW_Drivers/PR_Serie3.o
rx_in3              0x1               ./src/FW_Drivers/PR_Serie3.o
bufferRx3           0xc8              ./src/FW_Drivers/PR_Serie3.o
Tempstring          0x8               ./src/main.o

Discarded input sections

 .group         0x00000000        0x8 ./src/FW_Inicializaciones/FW_InitUART2.o
 .group         0x00000000        0x8 ./src/FW_Inicializaciones/FW_InitUART2.o
 .group         0x00000000        0x8 ./src/FW_Inicializaciones/FW_InitUART2.o
 .group         0x00000000        0x8 ./src/FW_Inicializaciones/FW_InitUART2.o
 .group         0x00000000        0x8 ./src/FW_Inicializaciones/FW_InitUART2.o
 .group         0x00000000        0x8 ./src/FW_Inicializaciones/FW_InitUART2.o
 .group         0x00000000        0x8 ./src/FW_Inicializaciones/FW_InitUART2.o
 .group         0x00000000        0x8 ./src/FW_Inicializaciones/FW_InitUART2.o
 .group         0x00000000        0x8 ./src/FW_Inicializaciones/FW_InitUART2.o
 .group         0x00000000        0x8 ./src/FW_Inicializaciones/FW_InitUART2.o
 .text          0x00000000        0x0 ./src/FW_Inicializaciones/FW_InitUART2.o
 .data          0x00000000        0x0 ./src/FW_Inicializaciones/FW_InitUART2.o
 .bss           0x00000000        0x0 ./src/FW_Inicializaciones/FW_InitUART2.o
 .group         0x00000000        0x8 ./src/FW_Inicializaciones/FW_InitUART3.o
 .group         0x00000000        0x8 ./src/FW_Inicializaciones/FW_InitUART3.o
 .group         0x00000000        0x8 ./src/FW_Inicializaciones/FW_InitUART3.o
 .group         0x00000000        0x8 ./src/FW_Inicializaciones/FW_InitUART3.o
 .group         0x00000000        0x8 ./src/FW_Inicializaciones/FW_InitUART3.o
 .group         0x00000000        0x8 ./src/FW_Inicializaciones/FW_InitUART3.o
 .group         0x00000000        0x8 ./src/FW_Inicializaciones/FW_InitUART3.o
 .group         0x00000000        0x8 ./src/FW_Inicializaciones/FW_InitUART3.o
 .group         0x00000000        0x8 ./src/FW_Inicializaciones/FW_InitUART3.o
 .group         0x00000000        0x8 ./src/FW_Inicializaciones/FW_InitUART3.o
 .text          0x00000000        0x0 ./src/FW_Inicializaciones/FW_InitUART3.o
 .data          0x00000000        0x0 ./src/FW_Inicializaciones/FW_InitUART3.o
 .bss           0x00000000        0x0 ./src/FW_Inicializaciones/FW_InitUART3.o
 .debug_macro   0x00000000      0x86e ./src/FW_Inicializaciones/FW_InitUART3.o
 .debug_macro   0x00000000       0x82 ./src/FW_Inicializaciones/FW_InitUART3.o
 .debug_macro   0x00000000       0x34 ./src/FW_Inicializaciones/FW_InitUART3.o
 .debug_macro   0x00000000      0x6c4 ./src/FW_Inicializaciones/FW_InitUART3.o
 .debug_macro   0x00000000       0x34 ./src/FW_Inicializaciones/FW_InitUART3.o
 .debug_macro   0x00000000      0x106 ./src/FW_Inicializaciones/FW_InitUART3.o
 .debug_macro   0x00000000       0xa0 ./src/FW_Inicializaciones/FW_InitUART3.o
 .debug_macro   0x00000000       0x16 ./src/FW_Inicializaciones/FW_InitUART3.o
 .debug_macro   0x00000000       0x22 ./src/FW_Inicializaciones/FW_InitUART3.o
 .debug_macro   0x00000000       0x52 ./src/FW_Inicializaciones/FW_InitUART3.o
 .group         0x00000000        0x8 ./src/FW_Inicializaciones/KitInic.o
 .group         0x00000000        0x8 ./src/FW_Inicializaciones/KitInic.o
 .group         0x00000000        0x8 ./src/FW_Inicializaciones/KitInic.o
 .group         0x00000000        0x8 ./src/FW_Inicializaciones/KitInic.o
 .text          0x00000000        0x0 ./src/FW_Inicializaciones/KitInic.o
 .data          0x00000000        0x0 ./src/FW_Inicializaciones/KitInic.o
 .bss           0x00000000        0x0 ./src/FW_Inicializaciones/KitInic.o
 .debug_macro   0x00000000      0x86e ./src/FW_Inicializaciones/KitInic.o
 .debug_macro   0x00000000      0x6c4 ./src/FW_Inicializaciones/KitInic.o
 .debug_macro   0x00000000       0x34 ./src/FW_Inicializaciones/KitInic.o
 .debug_macro   0x00000000      0x106 ./src/FW_Inicializaciones/KitInic.o
 .group         0x00000000        0x8 ./src/FW_Inicializaciones/UtilesInfo2.o
 .group         0x00000000        0x8 ./src/FW_Inicializaciones/UtilesInfo2.o
 .group         0x00000000        0x8 ./src/FW_Inicializaciones/UtilesInfo2.o
 .group         0x00000000        0x8 ./src/FW_Inicializaciones/UtilesInfo2.o
 .text          0x00000000        0x0 ./src/FW_Inicializaciones/UtilesInfo2.o
 .data          0x00000000        0x0 ./src/FW_Inicializaciones/UtilesInfo2.o
 .bss           0x00000000        0x0 ./src/FW_Inicializaciones/UtilesInfo2.o
 .text.SetPINMODE
                0x00000000       0x7c ./src/FW_Inicializaciones/UtilesInfo2.o
 .text.SetPINMODEOD
                0x00000000       0x60 ./src/FW_Inicializaciones/UtilesInfo2.o
 .debug_macro   0x00000000      0x86e ./src/FW_Inicializaciones/UtilesInfo2.o
 .debug_macro   0x00000000      0x6c4 ./src/FW_Inicializaciones/UtilesInfo2.o
 .debug_macro   0x00000000       0x34 ./src/FW_Inicializaciones/UtilesInfo2.o
 .debug_macro   0x00000000      0x106 ./src/FW_Inicializaciones/UtilesInfo2.o
 .group         0x00000000        0x8 ./src/FW_Inicializaciones/cr_startup_lpc176x.o
 .text          0x00000000        0x0 ./src/FW_Inicializaciones/cr_startup_lpc176x.o
 .data          0x00000000        0x0 ./src/FW_Inicializaciones/cr_startup_lpc176x.o
 .bss           0x00000000        0x0 ./src/FW_Inicializaciones/cr_startup_lpc176x.o
 .debug_macro   0x00000000      0x86e ./src/FW_Inicializaciones/cr_startup_lpc176x.o
 .group         0x00000000        0x8 ./src/FW_Drivers/FW_DHTxx.o
 .group         0x00000000        0x8 ./src/FW_Drivers/FW_DHTxx.o
 .group         0x00000000        0x8 ./src/FW_Drivers/FW_DHTxx.o
 .group         0x00000000        0x8 ./src/FW_Drivers/FW_DHTxx.o
 .group         0x00000000        0x8 ./src/FW_Drivers/FW_DHTxx.o
 .group         0x00000000        0x8 ./src/FW_Drivers/FW_DHTxx.o
 .group         0x00000000        0x8 ./src/FW_Drivers/FW_DHTxx.o
 .group         0x00000000        0x8 ./src/FW_Drivers/FW_DHTxx.o
 .group         0x00000000        0x8 ./src/FW_Drivers/FW_DHTxx.o
 .group         0x00000000        0x8 ./src/FW_Drivers/FW_DHTxx.o
 .text          0x00000000        0x0 ./src/FW_Drivers/FW_DHTxx.o
 .data          0x00000000        0x0 ./src/FW_Drivers/FW_DHTxx.o
 .bss           0x00000000        0x0 ./src/FW_Drivers/FW_DHTxx.o
 .debug_macro   0x00000000      0x86e ./src/FW_Drivers/FW_DHTxx.o
 .debug_macro   0x00000000       0x82 ./src/FW_Drivers/FW_DHTxx.o
 .debug_macro   0x00000000       0x34 ./src/FW_Drivers/FW_DHTxx.o
 .debug_macro   0x00000000      0x6c4 ./src/FW_Drivers/FW_DHTxx.o
 .debug_macro   0x00000000       0x34 ./src/FW_Drivers/FW_DHTxx.o
 .debug_macro   0x00000000      0x106 ./src/FW_Drivers/FW_DHTxx.o
 .debug_macro   0x00000000       0xa0 ./src/FW_Drivers/FW_DHTxx.o
 .debug_macro   0x00000000       0x16 ./src/FW_Drivers/FW_DHTxx.o
 .debug_macro   0x00000000       0x22 ./src/FW_Drivers/FW_DHTxx.o
 .debug_macro   0x00000000       0x52 ./src/FW_Drivers/FW_DHTxx.o
 .group         0x00000000        0x8 ./src/FW_Drivers/FW_Pantalla.o
 .group         0x00000000        0x8 ./src/FW_Drivers/FW_Pantalla.o
 .group         0x00000000        0x8 ./src/FW_Drivers/FW_Pantalla.o
 .group         0x00000000        0x8 ./src/FW_Drivers/FW_Pantalla.o
 .group         0x00000000        0x8 ./src/FW_Drivers/FW_Pantalla.o
 .group         0x00000000        0x8 ./src/FW_Drivers/FW_Pantalla.o
 .group         0x00000000        0x8 ./src/FW_Drivers/FW_Pantalla.o
 .group         0x00000000        0x8 ./src/FW_Drivers/FW_Pantalla.o
 .group         0x00000000        0x8 ./src/FW_Drivers/FW_Pantalla.o
 .group         0x00000000        0x8 ./src/FW_Drivers/FW_Pantalla.o
 .text          0x00000000        0x0 ./src/FW_Drivers/FW_Pantalla.o
 .data          0x00000000        0x0 ./src/FW_Drivers/FW_Pantalla.o
 .bss           0x00000000        0x0 ./src/FW_Drivers/FW_Pantalla.o
 .debug_macro   0x00000000      0x86e ./src/FW_Drivers/FW_Pantalla.o
 .debug_macro   0x00000000       0x82 ./src/FW_Drivers/FW_Pantalla.o
 .debug_macro   0x00000000       0x34 ./src/FW_Drivers/FW_Pantalla.o
 .debug_macro   0x00000000      0x6c4 ./src/FW_Drivers/FW_Pantalla.o
 .debug_macro   0x00000000       0x34 ./src/FW_Drivers/FW_Pantalla.o
 .debug_macro   0x00000000      0x106 ./src/FW_Drivers/FW_Pantalla.o
 .debug_macro   0x00000000       0xa0 ./src/FW_Drivers/FW_Pantalla.o
 .debug_macro   0x00000000       0x16 ./src/FW_Drivers/FW_Pantalla.o
 .debug_macro   0x00000000       0x22 ./src/FW_Drivers/FW_Pantalla.o
 .debug_macro   0x00000000       0x52 ./src/FW_Drivers/FW_Pantalla.o
 .group         0x00000000        0x8 ./src/FW_Drivers/FW_TimersM.o
 .group         0x00000000        0x8 ./src/FW_Drivers/FW_TimersM.o
 .group         0x00000000        0x8 ./src/FW_Drivers/FW_TimersM.o
 .group         0x00000000        0x8 ./src/FW_Drivers/FW_TimersM.o
 .group         0x00000000        0x8 ./src/FW_Drivers/FW_TimersM.o
 .group         0x00000000        0x8 ./src/FW_Drivers/FW_TimersM.o
 .group         0x00000000        0x8 ./src/FW_Drivers/FW_TimersM.o
 .group         0x00000000        0x8 ./src/FW_Drivers/FW_TimersM.o
 .group         0x00000000        0x8 ./src/FW_Drivers/FW_TimersM.o
 .group         0x00000000        0x8 ./src/FW_Drivers/FW_TimersM.o
 .text          0x00000000        0x0 ./src/FW_Drivers/FW_TimersM.o
 .data          0x00000000        0x0 ./src/FW_Drivers/FW_TimersM.o
 .bss           0x00000000        0x0 ./src/FW_Drivers/FW_TimersM.o
 .debug_macro   0x00000000      0x86e ./src/FW_Drivers/FW_TimersM.o
 .debug_macro   0x00000000       0x82 ./src/FW_Drivers/FW_TimersM.o
 .debug_macro   0x00000000       0x34 ./src/FW_Drivers/FW_TimersM.o
 .debug_macro   0x00000000      0x6c4 ./src/FW_Drivers/FW_TimersM.o
 .debug_macro   0x00000000       0x34 ./src/FW_Drivers/FW_TimersM.o
 .debug_macro   0x00000000      0x106 ./src/FW_Drivers/FW_TimersM.o
 .debug_macro   0x00000000       0xa0 ./src/FW_Drivers/FW_TimersM.o
 .debug_macro   0x00000000       0x16 ./src/FW_Drivers/FW_TimersM.o
 .debug_macro   0x00000000       0x22 ./src/FW_Drivers/FW_TimersM.o
 .debug_macro   0x00000000       0x52 ./src/FW_Drivers/FW_TimersM.o
 .group         0x00000000        0x8 ./src/FW_Drivers/FW_UART2.o
 .group         0x00000000        0x8 ./src/FW_Drivers/FW_UART2.o
 .group         0x00000000        0x8 ./src/FW_Drivers/FW_UART2.o
 .group         0x00000000        0x8 ./src/FW_Drivers/FW_UART2.o
 .group         0x00000000        0x8 ./src/FW_Drivers/FW_UART2.o
 .group         0x00000000        0x8 ./src/FW_Drivers/FW_UART2.o
 .group         0x00000000        0x8 ./src/FW_Drivers/FW_UART2.o
 .group         0x00000000        0x8 ./src/FW_Drivers/FW_UART2.o
 .group         0x00000000        0x8 ./src/FW_Drivers/FW_UART2.o
 .group         0x00000000        0x8 ./src/FW_Drivers/FW_UART2.o
 .text          0x00000000        0x0 ./src/FW_Drivers/FW_UART2.o
 .data          0x00000000        0x0 ./src/FW_Drivers/FW_UART2.o
 .bss           0x00000000        0x0 ./src/FW_Drivers/FW_UART2.o
 .debug_macro   0x00000000      0x86e ./src/FW_Drivers/FW_UART2.o
 .debug_macro   0x00000000       0x82 ./src/FW_Drivers/FW_UART2.o
 .debug_macro   0x00000000       0x34 ./src/FW_Drivers/FW_UART2.o
 .debug_macro   0x00000000      0x6c4 ./src/FW_Drivers/FW_UART2.o
 .debug_macro   0x00000000       0x34 ./src/FW_Drivers/FW_UART2.o
 .debug_macro   0x00000000      0x106 ./src/FW_Drivers/FW_UART2.o
 .debug_macro   0x00000000       0xa0 ./src/FW_Drivers/FW_UART2.o
 .debug_macro   0x00000000       0x16 ./src/FW_Drivers/FW_UART2.o
 .debug_macro   0x00000000       0x22 ./src/FW_Drivers/FW_UART2.o
 .debug_macro   0x00000000       0x52 ./src/FW_Drivers/FW_UART2.o
 COMMON         0x00000000        0x1 ./src/FW_Drivers/FW_UART2.o
 .group         0x00000000        0x8 ./src/FW_Drivers/FW_UART3.o
 .group         0x00000000        0x8 ./src/FW_Drivers/FW_UART3.o
 .group         0x00000000        0x8 ./src/FW_Drivers/FW_UART3.o
 .group         0x00000000        0x8 ./src/FW_Drivers/FW_UART3.o
 .group         0x00000000        0x8 ./src/FW_Drivers/FW_UART3.o
 .group         0x00000000        0x8 ./src/FW_Drivers/FW_UART3.o
 .group         0x00000000        0x8 ./src/FW_Drivers/FW_UART3.o
 .group         0x00000000        0x8 ./src/FW_Drivers/FW_UART3.o
 .group         0x00000000        0x8 ./src/FW_Drivers/FW_UART3.o
 .group         0x00000000        0x8 ./src/FW_Drivers/FW_UART3.o
 .text          0x00000000        0x0 ./src/FW_Drivers/FW_UART3.o
 .data          0x00000000        0x0 ./src/FW_Drivers/FW_UART3.o
 .bss           0x00000000        0x0 ./src/FW_Drivers/FW_UART3.o
 .debug_macro   0x00000000      0x86e ./src/FW_Drivers/FW_UART3.o
 .debug_macro   0x00000000       0x82 ./src/FW_Drivers/FW_UART3.o
 .debug_macro   0x00000000       0x34 ./src/FW_Drivers/FW_UART3.o
 .debug_macro   0x00000000      0x6c4 ./src/FW_Drivers/FW_UART3.o
 .debug_macro   0x00000000       0x34 ./src/FW_Drivers/FW_UART3.o
 .debug_macro   0x00000000      0x106 ./src/FW_Drivers/FW_UART3.o
 .debug_macro   0x00000000       0xa0 ./src/FW_Drivers/FW_UART3.o
 .debug_macro   0x00000000       0x16 ./src/FW_Drivers/FW_UART3.o
 .debug_macro   0x00000000       0x22 ./src/FW_Drivers/FW_UART3.o
 .debug_macro   0x00000000       0x52 ./src/FW_Drivers/FW_UART3.o
 .group         0x00000000        0x8 ./src/FW_Drivers/FW_isr.o
 .group         0x00000000        0x8 ./src/FW_Drivers/FW_isr.o
 .group         0x00000000        0x8 ./src/FW_Drivers/FW_isr.o
 .group         0x00000000        0x8 ./src/FW_Drivers/FW_isr.o
 .group         0x00000000        0x8 ./src/FW_Drivers/FW_isr.o
 .group         0x00000000        0x8 ./src/FW_Drivers/FW_isr.o
 .group         0x00000000        0x8 ./src/FW_Drivers/FW_isr.o
 .group         0x00000000        0x8 ./src/FW_Drivers/FW_isr.o
 .group         0x00000000        0x8 ./src/FW_Drivers/FW_isr.o
 .group         0x00000000        0x8 ./src/FW_Drivers/FW_isr.o
 .text          0x00000000        0x0 ./src/FW_Drivers/FW_isr.o
 .data          0x00000000        0x0 ./src/FW_Drivers/FW_isr.o
 .bss           0x00000000        0x0 ./src/FW_Drivers/FW_isr.o
 .debug_macro   0x00000000      0x86e ./src/FW_Drivers/FW_isr.o
 .debug_macro   0x00000000       0x82 ./src/FW_Drivers/FW_isr.o
 .debug_macro   0x00000000       0x34 ./src/FW_Drivers/FW_isr.o
 .debug_macro   0x00000000      0x6c4 ./src/FW_Drivers/FW_isr.o
 .debug_macro   0x00000000       0x34 ./src/FW_Drivers/FW_isr.o
 .debug_macro   0x00000000      0x106 ./src/FW_Drivers/FW_isr.o
 .debug_macro   0x00000000       0xa0 ./src/FW_Drivers/FW_isr.o
 .debug_macro   0x00000000       0x16 ./src/FW_Drivers/FW_isr.o
 .debug_macro   0x00000000       0x22 ./src/FW_Drivers/FW_isr.o
 .debug_macro   0x00000000       0x52 ./src/FW_Drivers/FW_isr.o
 .group         0x00000000        0x8 ./src/FW_Drivers/PR_Serie2.o
 .group         0x00000000        0x8 ./src/FW_Drivers/PR_Serie2.o
 .group         0x00000000        0x8 ./src/FW_Drivers/PR_Serie2.o
 .group         0x00000000        0x8 ./src/FW_Drivers/PR_Serie2.o
 .group         0x00000000        0x8 ./src/FW_Drivers/PR_Serie2.o
 .group         0x00000000        0x8 ./src/FW_Drivers/PR_Serie2.o
 .group         0x00000000        0x8 ./src/FW_Drivers/PR_Serie2.o
 .group         0x00000000        0x8 ./src/FW_Drivers/PR_Serie2.o
 .group         0x00000000        0x8 ./src/FW_Drivers/PR_Serie2.o
 .group         0x00000000        0x8 ./src/FW_Drivers/PR_Serie2.o
 .text          0x00000000        0x0 ./src/FW_Drivers/PR_Serie2.o
 .data          0x00000000        0x0 ./src/FW_Drivers/PR_Serie2.o
 .bss           0x00000000        0x0 ./src/FW_Drivers/PR_Serie2.o
 .bss.tx_buffer_full2
                0x00000000        0x1 ./src/FW_Drivers/PR_Serie2.o
 .data.tx_buffer_empty2
                0x00000000        0x1 ./src/FW_Drivers/PR_Serie2.o
 .text.PushTx   0x00000000       0xa0 ./src/FW_Drivers/PR_Serie2.o
 .text.PopTx    0x00000000       0x88 ./src/FW_Drivers/PR_Serie2.o
 .text.EnviarString
                0x00000000       0x34 ./src/FW_Drivers/PR_Serie2.o
 .debug_macro   0x00000000      0x86e ./src/FW_Drivers/PR_Serie2.o
 .debug_macro   0x00000000       0x82 ./src/FW_Drivers/PR_Serie2.o
 .debug_macro   0x00000000       0x34 ./src/FW_Drivers/PR_Serie2.o
 .debug_macro   0x00000000      0x6c4 ./src/FW_Drivers/PR_Serie2.o
 .debug_macro   0x00000000       0x34 ./src/FW_Drivers/PR_Serie2.o
 .debug_macro   0x00000000      0x106 ./src/FW_Drivers/PR_Serie2.o
 .debug_macro   0x00000000       0xa0 ./src/FW_Drivers/PR_Serie2.o
 .debug_macro   0x00000000       0x16 ./src/FW_Drivers/PR_Serie2.o
 .debug_macro   0x00000000       0x22 ./src/FW_Drivers/PR_Serie2.o
 .debug_macro   0x00000000       0x52 ./src/FW_Drivers/PR_Serie2.o
 .group         0x00000000        0x8 ./src/FW_Drivers/PR_Serie3.o
 .group         0x00000000        0x8 ./src/FW_Drivers/PR_Serie3.o
 .group         0x00000000        0x8 ./src/FW_Drivers/PR_Serie3.o
 .group         0x00000000        0x8 ./src/FW_Drivers/PR_Serie3.o
 .group         0x00000000        0x8 ./src/FW_Drivers/PR_Serie3.o
 .group         0x00000000        0x8 ./src/FW_Drivers/PR_Serie3.o
 .group         0x00000000        0x8 ./src/FW_Drivers/PR_Serie3.o
 .group         0x00000000        0x8 ./src/FW_Drivers/PR_Serie3.o
 .group         0x00000000        0x8 ./src/FW_Drivers/PR_Serie3.o
 .group         0x00000000        0x8 ./src/FW_Drivers/PR_Serie3.o
 .text          0x00000000        0x0 ./src/FW_Drivers/PR_Serie3.o
 .data          0x00000000        0x0 ./src/FW_Drivers/PR_Serie3.o
 .bss           0x00000000        0x0 ./src/FW_Drivers/PR_Serie3.o
 .bss.rx_buffer_full3
                0x00000000        0x1 ./src/FW_Drivers/PR_Serie3.o
 .data.rx_buffer_empty3
                0x00000000        0x1 ./src/FW_Drivers/PR_Serie3.o
 .text.PushRx3  0x00000000       0x88 ./src/FW_Drivers/PR_Serie3.o
 .text.PopRx3   0x00000000       0x88 ./src/FW_Drivers/PR_Serie3.o
 .debug_macro   0x00000000      0x86e ./src/FW_Drivers/PR_Serie3.o
 .debug_macro   0x00000000       0x82 ./src/FW_Drivers/PR_Serie3.o
 .debug_macro   0x00000000       0x34 ./src/FW_Drivers/PR_Serie3.o
 .debug_macro   0x00000000      0x6c4 ./src/FW_Drivers/PR_Serie3.o
 .debug_macro   0x00000000       0x34 ./src/FW_Drivers/PR_Serie3.o
 .debug_macro   0x00000000      0x106 ./src/FW_Drivers/PR_Serie3.o
 .debug_macro   0x00000000       0xa0 ./src/FW_Drivers/PR_Serie3.o
 .debug_macro   0x00000000       0x16 ./src/FW_Drivers/PR_Serie3.o
 .debug_macro   0x00000000       0x22 ./src/FW_Drivers/PR_Serie3.o
 .debug_macro   0x00000000       0x52 ./src/FW_Drivers/PR_Serie3.o
 .group         0x00000000        0x8 ./src/main.o
 .group         0x00000000        0x8 ./src/main.o
 .group         0x00000000        0x8 ./src/main.o
 .group         0x00000000        0x8 ./src/main.o
 .group         0x00000000        0x8 ./src/main.o
 .group         0x00000000        0x8 ./src/main.o
 .group         0x00000000        0x8 ./src/main.o
 .group         0x00000000        0x8 ./src/main.o
 .group         0x00000000        0x8 ./src/main.o
 .group         0x00000000        0x8 ./src/main.o
 .text          0x00000000        0x0 ./src/main.o
 .data          0x00000000        0x0 ./src/main.o
 .bss           0x00000000        0x0 ./src/main.o
 .bss.inx_out3  0x00000000        0x1 ./src/main.o
 .bss.inx_in3   0x00000000        0x1 ./src/main.o
 .debug_macro   0x00000000      0x86e ./src/main.o
 .debug_macro   0x00000000       0x82 ./src/main.o
 .debug_macro   0x00000000       0x34 ./src/main.o
 .debug_macro   0x00000000      0x6c4 ./src/main.o
 .debug_macro   0x00000000       0x34 ./src/main.o
 .debug_macro   0x00000000      0x106 ./src/main.o
 .debug_macro   0x00000000       0xa0 ./src/main.o
 .debug_macro   0x00000000       0x16 ./src/main.o
 .debug_macro   0x00000000       0x22 ./src/main.o
 .debug_macro   0x00000000       0x52 ./src/main.o
 .text          0x00000000        0x0 c:/nxp/lpcxpresso_7.7.2_379/lpcxpresso/tools/bin/../lib/gcc/arm-none-eabi/4.9.3/../../../../arm-none-eabi/lib/armv7-m\libcr_c.a(__weak__main.o)
 .data          0x00000000        0x0 c:/nxp/lpcxpresso_7.7.2_379/lpcxpresso/tools/bin/../lib/gcc/arm-none-eabi/4.9.3/../../../../arm-none-eabi/lib/armv7-m\libcr_c.a(__weak__main.o)
 .bss           0x00000000        0x0 c:/nxp/lpcxpresso_7.7.2_379/lpcxpresso/tools/bin/../lib/gcc/arm-none-eabi/4.9.3/../../../../arm-none-eabi/lib/armv7-m\libcr_c.a(__weak__main.o)
 .text          0x00000000        0x0 c:/nxp/lpcxpresso_7.7.2_379/lpcxpresso/tools/bin/../lib/gcc/arm-none-eabi/4.9.3/../../../../arm-none-eabi/lib/armv7-m\libcr_c.a(strcpy.o)
 .data          0x00000000        0x0 c:/nxp/lpcxpresso_7.7.2_379/lpcxpresso/tools/bin/../lib/gcc/arm-none-eabi/4.9.3/../../../../arm-none-eabi/lib/armv7-m\libcr_c.a(strcpy.o)
 .bss           0x00000000        0x0 c:/nxp/lpcxpresso_7.7.2_379/lpcxpresso/tools/bin/../lib/gcc/arm-none-eabi/4.9.3/../../../../arm-none-eabi/lib/armv7-m\libcr_c.a(strcpy.o)
 .text          0x00000000        0x0 c:/nxp/lpcxpresso_7.7.2_379/lpcxpresso/tools/bin/../lib/gcc/arm-none-eabi/4.9.3/../../../../arm-none-eabi/lib/armv7-m\libcr_c.a(strlen.o)
 .data          0x00000000        0x0 c:/nxp/lpcxpresso_7.7.2_379/lpcxpresso/tools/bin/../lib/gcc/arm-none-eabi/4.9.3/../../../../arm-none-eabi/lib/armv7-m\libcr_c.a(strlen.o)
 .bss           0x00000000        0x0 c:/nxp/lpcxpresso_7.7.2_379/lpcxpresso/tools/bin/../lib/gcc/arm-none-eabi/4.9.3/../../../../arm-none-eabi/lib/armv7-m\libcr_c.a(strlen.o)

Memory Configuration

Name             Origin             Length             Attributes
MFlash512        0x00000000         0x00080000         xr
RamLoc32         0x10000000         0x00008000         xrw
RamAHB32         0x2007c000         0x00008000         xrw
*default*        0x00000000         0xffffffff

Linker script and memory map

LOAD ./src/FW_Inicializaciones/FW_InitUART2.o
LOAD ./src/FW_Inicializaciones/FW_InitUART3.o
LOAD ./src/FW_Inicializaciones/KitInic.o
LOAD ./src/FW_Inicializaciones/UtilesInfo2.o
LOAD ./src/FW_Inicializaciones/cr_startup_lpc176x.o
LOAD ./src/FW_Drivers/FW_DHTxx.o
LOAD ./src/FW_Drivers/FW_Pantalla.o
LOAD ./src/FW_Drivers/FW_TimersM.o
LOAD ./src/FW_Drivers/FW_UART2.o
LOAD ./src/FW_Drivers/FW_UART3.o
LOAD ./src/FW_Drivers/FW_isr.o
LOAD ./src/FW_Drivers/PR_Serie2.o
LOAD ./src/FW_Drivers/PR_Serie3.o
LOAD ./src/main.o
START GROUP
LOAD c:/nxp/lpcxpresso_7.7.2_379/lpcxpresso/tools/bin/../lib/gcc/arm-none-eabi/4.9.3/../../../../arm-none-eabi/lib/armv7-m\libcr_c.a
LOAD c:/nxp/lpcxpresso_7.7.2_379/lpcxpresso/tools/bin/../lib/gcc/arm-none-eabi/4.9.3/armv7-m\libcr_eabihelpers.a
END GROUP
                0x00080000                __top_MFlash512 = 0x80000
                0x10008000                __top_RamLoc32 = 0x10008000
                0x20084000                __top_RamAHB32 = 0x20084000

.text           0x00000000     0x2840
 FILL mask 0xff
                0x00000000                __vectors_start__ = ABSOLUTE (.)
 *(.isr_vector)
 .isr_vector    0x00000000       0xcc ./src/FW_Inicializaciones/cr_startup_lpc176x.o
                0x00000000                g_pfnVectors
                0x000000cc                . = ALIGN (0x4)
                0x000000cc                __section_table_start = .
                0x000000cc                __data_section_table = .
                0x000000cc        0x4 LONG 0x2840 LOADADDR (.data)
                0x000000d0        0x4 LONG 0x10000000 ADDR (.data)
                0x000000d4        0x4 LONG 0x18 SIZEOF (.data)
                0x000000d8        0x4 LONG 0x2840 LOADADDR (.data_RAM2)
                0x000000dc        0x4 LONG 0x2007c000 ADDR (.data_RAM2)
                0x000000e0        0x4 LONG 0x0 SIZEOF (.data_RAM2)
                0x000000e4                __data_section_table_end = .
                0x000000e4                __bss_section_table = .
                0x000000e4        0x4 LONG 0x10000018 ADDR (.bss)
                0x000000e8        0x4 LONG 0x1c28 SIZEOF (.bss)
                0x000000ec        0x4 LONG 0x2007c000 ADDR (.bss_RAM2)
                0x000000f0        0x4 LONG 0x0 SIZEOF (.bss_RAM2)
                0x000000f4                __bss_section_table_end = .
                0x000000f4                __section_table_end = .
 *(.after_vectors*)
 .after_vectors
                0x000000f4      0x140 ./src/FW_Inicializaciones/cr_startup_lpc176x.o
                0x000000f4                data_init
                0x00000138                bss_init
                0x00000170                ResetISR
                0x000001e4                NMI_Handler
                0x000001ec                HardFault_Handler
                0x000001f4                MemManage_Handler
                0x000001fc                BusFault_Handler
                0x00000204                UsageFault_Handler
                0x0000020c                SVC_Handler
                0x00000214                DebugMon_Handler
                0x0000021c                PendSV_Handler
                0x00000224                SysTick_Handler
                0x0000022c                CANActivity_IRQHandler
                0x0000022c                TIMER3_IRQHandler
                0x0000022c                UART0_IRQHandler
                0x0000022c                I2C1_IRQHandler
                0x0000022c                EINT3_IRQHandler
                0x0000022c                UART1_IRQHandler
                0x0000022c                IntDefaultHandler
                0x0000022c                PLL0_IRQHandler
                0x0000022c                PWM1_IRQHandler
                0x0000022c                PLL1_IRQHandler
                0x0000022c                SSP0_IRQHandler
                0x0000022c                I2S_IRQHandler
                0x0000022c                I2C2_IRQHandler
                0x0000022c                RTC_IRQHandler
                0x0000022c                SPI_IRQHandler
                0x0000022c                USBActivity_IRQHandler
                0x0000022c                EINT1_IRQHandler
                0x0000022c                ADC_IRQHandler
                0x0000022c                SSP1_IRQHandler
                0x0000022c                USB_IRQHandler
                0x0000022c                BOD_IRQHandler
                0x0000022c                EINT2_IRQHandler
                0x0000022c                WDT_IRQHandler
                0x0000022c                I2C0_IRQHandler
                0x0000022c                QEI_IRQHandler
                0x0000022c                EINT0_IRQHandler
                0x0000022c                RIT_IRQHandler
                0x0000022c                DMA_IRQHandler
                0x0000022c                CAN_IRQHandler
                0x0000022c                MCPWM_IRQHandler
                0x0000022c                ENET_IRQHandler
                0x000002fc                . = 0x2fc
 *fill*         0x00000234       0xc8 ff
                0x000002fc                PROVIDE (__CRP_WORD_START__, .)
 *(.crp)
 .crp           0x000002fc        0x4 ./src/main.o
                0x000002fc                CRP_WORD
                0x00000300                PROVIDE (__CRP_WORD_END__, .)
                0x00000001                ASSERT (! ((__CRP_WORD_START__ == __CRP_WORD_END__)), Linker CRP Enabled, but no CRP_WORD provided within application)
 *(.text*)
 .text.InitUART2
                0x00000300       0x74 ./src/FW_Inicializaciones/FW_InitUART2.o
                0x00000300                InitUART2
 .text.InitUART3
                0x00000374       0x94 ./src/FW_Inicializaciones/FW_InitUART3.o
                0x00000374                InitUART3
 .text.InicializarKit
                0x00000408       0x18 ./src/FW_Inicializaciones/KitInic.o
                0x00000408                InicializarKit
 .text.InicGPIOs
                0x00000420      0x218 ./src/FW_Inicializaciones/KitInic.o
                0x00000420                InicGPIOs
 .text.InicPLL  0x00000638      0x140 ./src/FW_Inicializaciones/KitInic.o
                0x00000638                InicPLL
 .text.InicTimer0
                0x00000778       0x64 ./src/FW_Inicializaciones/KitInic.o
                0x00000778                InicTimer0
 .text.InicTimer1
                0x000007dc       0x64 ./src/FW_Inicializaciones/KitInic.o
                0x000007dc                InicTimer1
 .text.InicTimer2
                0x00000840       0x60 ./src/FW_Inicializaciones/KitInic.o
                0x00000840                InicTimer2
 .text.SetPINSEL
                0x000008a0       0x88 ./src/FW_Inicializaciones/UtilesInfo2.o
                0x000008a0                SetPINSEL
 .text.SetDIR   0x00000928       0x70 ./src/FW_Inicializaciones/UtilesInfo2.o
                0x00000928                SetDIR
 .text.SetPIN   0x00000998       0x74 ./src/FW_Inicializaciones/UtilesInfo2.o
                0x00000998                SetPIN
 .text.GetPIN   0x00000a0c       0x4c ./src/FW_Inicializaciones/UtilesInfo2.o
                0x00000a0c                GetPIN
 .text.DHT_Mde  0x00000a58      0x4c8 ./src/FW_Drivers/FW_DHTxx.o
                0x00000a58                DHT_Mde
 .text.LedMultiplexation
                0x00000f20       0x7c ./src/FW_Drivers/FW_Pantalla.o
                0x00000f20                LedMultiplexation
 .text.FillBuffer
                0x00000f9c       0xcc ./src/FW_Drivers/FW_Pantalla.o
                0x00000f9c                FillBuffer
 .text.ResetON  0x00001068       0x10 ./src/FW_Drivers/FW_Pantalla.o
                0x00001068                ResetON
 .text.ResetOFF
                0x00001078       0x10 ./src/FW_Drivers/FW_Pantalla.o
                0x00001078                ResetOFF
 .text.ClockON  0x00001088       0x10 ./src/FW_Drivers/FW_Pantalla.o
                0x00001088                ClockON
 .text.ClockOFF
                0x00001098       0x10 ./src/FW_Drivers/FW_Pantalla.o
                0x00001098                ClockOFF
 .text.SendDataToMatrix
                0x000010a8      0x124 ./src/FW_Drivers/FW_Pantalla.o
                0x000010a8                SendDataToMatrix
 .text.SendZeroToMatrix
                0x000011cc       0x58 ./src/FW_Drivers/FW_Pantalla.o
                0x000011cc                SendZeroToMatrix
 .text.prendermatriz
                0x00001224       0x58 ./src/FW_Drivers/FW_Pantalla.o
                0x00001224                prendermatriz
 .text.apagarmatriz
                0x0000127c       0x58 ./src/FW_Drivers/FW_Pantalla.o
                0x0000127c                apagarmatriz
 .text.VaciarBuffer
                0x000012d4       0x30 ./src/FW_Drivers/FW_Pantalla.o
                0x000012d4                VaciarBuffer
 .text.IncrementarIndices
                0x00001304       0x64 ./src/FW_Drivers/FW_Pantalla.o
                0x00001304                IncrementarIndices
 .text.get_message
                0x00001368      0x104 ./src/FW_Drivers/FW_Pantalla.o
                0x00001368                get_message
 .text.TmrStartM
                0x0000146c       0x7c ./src/FW_Drivers/FW_TimersM.o
                0x0000146c                TmrStartM
 .text.AnalizarTimerM
                0x000014e8       0x70 ./src/FW_Drivers/FW_TimersM.o
                0x000014e8                AnalizarTimerM
 .text.TmrStopM
                0x00001558       0x48 ./src/FW_Drivers/FW_TimersM.o
                0x00001558                TmrStopM
 .text.ApagoTimers
                0x000015a0       0x20 ./src/FW_Drivers/FW_TimersM.o
                0x000015a0                ApagoTimers
 .text.ArrancoTimers
                0x000015c0       0x20 ./src/FW_Drivers/FW_TimersM.o
                0x000015c0                ArrancoTimers
 .text.procesaDato
                0x000015e0      0x47c ./src/FW_Drivers/FW_UART2.o
                0x000015e0                procesaDato
 .text.UART2_IRQHandler
                0x00001a5c       0xac ./src/FW_Drivers/FW_UART2.o
                0x00001a5c                UART2_IRQHandler
 .text.UART3_IRQHandler
                0x00001b08      0x120 ./src/FW_Drivers/FW_UART3.o
                0x00001b08                UART3_IRQHandler
 .text.TIMER0_IRQHandler
                0x00001c28       0x28 ./src/FW_Drivers/FW_isr.o
                0x00001c28                TIMER0_IRQHandler
 .text.TIMER1_IRQHandler
                0x00001c50       0xc0 ./src/FW_Drivers/FW_isr.o
                0x00001c50                TIMER1_IRQHandler
 .text.TIMER2_IRQHandler
                0x00001d10       0x28 ./src/FW_Drivers/FW_isr.o
                0x00001d10                TIMER2_IRQHandler
 .text.PushRx   0x00001d38       0x88 ./src/FW_Drivers/PR_Serie2.o
                0x00001d38                PushRx
 .text.PopRx    0x00001dc0       0x88 ./src/FW_Drivers/PR_Serie2.o
                0x00001dc0                PopRx
 .text.PushTx3  0x00001e48       0xa0 ./src/FW_Drivers/PR_Serie3.o
                0x00001e48                PushTx3
 .text.PopTx3   0x00001ee8       0xa8 ./src/FW_Drivers/PR_Serie3.o
                0x00001ee8                PopTx3
 .text.EnviarString3
                0x00001f90       0x38 ./src/FW_Drivers/PR_Serie3.o
                0x00001f90                EnviarString3
 .text.CambiarEstadoTE
                0x00001fc8       0x28 ./src/FW_Drivers/PR_Serie3.o
                0x00001fc8                CambiarEstadoTE
 .text.ActualizarDatos
                0x00001ff0       0xf4 ./src/FW_Drivers/PR_Serie3.o
                0x00001ff0                ActualizarDatos
 .text.EnviarInicioTx
                0x000020e4       0x64 ./src/FW_Drivers/PR_Serie3.o
                0x000020e4                EnviarInicioTx
 .text.EnviarPaquete
                0x00002148      0x1f0 ./src/FW_Drivers/PR_Serie3.o
                0x00002148                EnviarPaquete
 .text.EnviarFinTX
                0x00002338       0x40 ./src/FW_Drivers/PR_Serie3.o
                0x00002338                EnviarFinTX
 .text.main     0x00002378      0x244 ./src/main.o
                0x00002378                main
 .text.__weak_main
                0x000025bc        0x4 c:/nxp/lpcxpresso_7.7.2_379/lpcxpresso/tools/bin/../lib/gcc/arm-none-eabi/4.9.3/../../../../arm-none-eabi/lib/armv7-m\libcr_c.a(__weak__main.o)
                0x000025bc                __weak_main
                0x000025bc                __main
 .text.strcpy   0x000025c0       0x42 c:/nxp/lpcxpresso_7.7.2_379/lpcxpresso/tools/bin/../lib/gcc/arm-none-eabi/4.9.3/../../../../arm-none-eabi/lib/armv7-m\libcr_c.a(strcpy.o)
                0x000025c0                strcpy
 .text.strlen   0x00002602       0x4a c:/nxp/lpcxpresso_7.7.2_379/lpcxpresso/tools/bin/../lib/gcc/arm-none-eabi/4.9.3/../../../../arm-none-eabi/lib/armv7-m\libcr_c.a(strlen.o)
                0x00002602                strlen
 *(.rodata .rodata.* .constdata .constdata.*)
 .rodata.SystemFont5x7
                0x0000264c      0x1e8 ./src/main.o
                0x0000264c                SystemFont5x7
 .rodata        0x00002834        0xc ./src/main.o
                0x00002840                . = ALIGN (0x4)

.glue_7         0x00002840        0x0
 .glue_7        0x00000000        0x0 linker stubs

.glue_7t        0x00002840        0x0
 .glue_7t       0x00000000        0x0 linker stubs

.vfp11_veneer   0x00002840        0x0
 .vfp11_veneer  0x00000000        0x0 linker stubs

.v4_bx          0x00002840        0x0
 .v4_bx         0x00000000        0x0 linker stubs

.iplt           0x00002840        0x0
 .iplt          0x00000000        0x0 ./src/FW_Inicializaciones/FW_InitUART2.o

.rel.dyn        0x00002840        0x0
 .rel.iplt      0x00000000        0x0 ./src/FW_Inicializaciones/FW_InitUART2.o

.ARM.extab
 *(.ARM.extab* .gnu.linkonce.armextab.*)
                0x00002840                __exidx_start = .

.ARM.exidx
 *(.ARM.exidx* .gnu.linkonce.armexidx.*)
                0x00002840                __exidx_end = .
                0x00002840                _etext = .

.data_RAM2      0x2007c000        0x0 load address 0x00002840
 FILL mask 0xff
                0x2007c000                PROVIDE (__start_data_RAM2, .)
 *(.ramfunc.$RAM2)
 *(.ramfunc.$RamAHB32)
 *(.data.$RAM2*)
 *(.data.$RamAHB32*)
                0x2007c000                . = ALIGN (0x4)
                0x2007c000                PROVIDE (__end_data_RAM2, .)

.uninit_RESERVED
                0x10000000        0x0
 *(.bss.$RESERVED*)
                0x10000000                . = ALIGN (0x4)
                0x10000000                _end_uninit_RESERVED = .

.data           0x10000000       0x18 load address 0x00002840
 FILL mask 0xff
                0x10000000                _data = .
 *(vtable)
 *(.ramfunc*)
 *(.data*)
 .data.j.3763   0x10000000        0x1 ./src/FW_Drivers/FW_DHTxx.o
 *fill*         0x10000001        0x3 
 .data.cont_flash1.3765
                0x10000004        0x4 ./src/FW_Drivers/FW_isr.o
 .data.cont_flash2.3766
                0x10000008        0x4 ./src/FW_Drivers/FW_isr.o
 .data.aux.3764
                0x1000000c        0x1 ./src/FW_Drivers/FW_isr.o
 .data.rx_buffer_empty2
                0x1000000d        0x1 ./src/FW_Drivers/PR_Serie2.o
                0x1000000d                rx_buffer_empty2
 .data.firstchar
                0x1000000e        0x1 ./src/main.o
                0x1000000e                firstchar
 .data.width    0x1000000f        0x1 ./src/main.o
                0x1000000f                width
 .data.offset   0x10000010        0x1 ./src/main.o
                0x10000010                offset
 .data.Leng     0x10000011        0x1 ./src/main.o
                0x10000011                Leng
 .data.indexFin
                0x10000012        0x2 ./src/main.o
                0x10000012                indexFin
 .data.id485    0x10000014        0x1 ./src/main.o
                0x10000014                id485
 .data.actualizandodatos
                0x10000015        0x1 ./src/main.o
                0x10000015                actualizandodatos
                0x10000018                . = ALIGN (0x4)
 *fill*         0x10000016        0x2 ff
                0x10000018                _edata = .

.igot.plt       0x10000018        0x0 load address 0x00002858
 .igot.plt      0x00000000        0x0 ./src/FW_Inicializaciones/FW_InitUART2.o

.bss_RAM2       0x2007c000        0x0
                0x2007c000                PROVIDE (__start_bss_RAM2, .)
 *(.bss.$RAM2*)
 *(.bss.$RamAHB32*)
                0x2007c000                . = ALIGN (0x4)
                0x2007c000                PROVIDE (__end_bss_RAM2, .)

.bss            0x10000018     0x1c28
                0x10000018                _bss = .
 *(.bss*)
 .bss.estado.3760
                0x10000018        0x1 ./src/FW_Drivers/FW_DHTxx.o
 .bss.i.3762    0x10000019        0x1 ./src/FW_Drivers/FW_DHTxx.o
 *fill*         0x1000001a        0x2 
 .bss.byte.3761
                0x1000001c        0x8 ./src/FW_Drivers/FW_DHTxx.o
 .bss.i.3772    0x10000024        0x1 ./src/FW_Drivers/FW_Pantalla.o
 .bss.cont.3773
                0x10000025        0x1 ./src/FW_Drivers/FW_Pantalla.o
 .bss.estadoMsg.3770
                0x10000026        0x1 ./src/FW_Drivers/FW_UART2.o
 .bss.cantElementos.3774
                0x10000027        0x1 ./src/FW_Drivers/FW_UART2.o
 .bss.i.3772    0x10000028        0x1 ./src/FW_Drivers/FW_UART2.o
 *fill*         0x10000029        0x3 
 .bss.aux.3777  0x1000002c       0x70 ./src/FW_Drivers/FW_UART2.o
 .bss.leng.3771
                0x1000009c        0x1 ./src/FW_Drivers/FW_UART2.o
 .bss.indice_mensaje.3775
                0x1000009d        0x1 ./src/FW_Drivers/FW_UART2.o
 *fill*         0x1000009e        0x2 
 .bss.Recibidos.3776
                0x100000a0      0xaa8 ./src/FW_Drivers/FW_UART2.o
 .bss.cantACK.3771
                0x10000b48        0x1 ./src/FW_Drivers/FW_UART3.o
 .bss.rx_buffer_full2
                0x10000b49        0x1 ./src/FW_Drivers/PR_Serie2.o
                0x10000b49                rx_buffer_full2
 .bss.tx_buffer_full3
                0x10000b4a        0x1 ./src/FW_Drivers/PR_Serie3.o
                0x10000b4a                tx_buffer_full3
 .bss.flash     0x10000b4b        0x1 ./src/main.o
                0x10000b4b                flash
 .bss.Inicio    0x10000b4c        0x1 ./src/main.o
                0x10000b4c                Inicio
 *fill*         0x10000b4d        0x1 
 .bss.indexInicio
                0x10000b4e        0x2 ./src/main.o
                0x10000b4e                indexInicio
 .bss.flagLeerMensajeNuevo
                0x10000b50        0x1 ./src/main.o
                0x10000b50                flagLeerMensajeNuevo
 .bss.enviando  0x10000b51        0x1 ./src/main.o
                0x10000b51                enviando
 .bss.iniciar485
                0x10000b52        0x1 ./src/main.o
                0x10000b52                iniciar485
 .bss.enviando485
                0x10000b53        0x1 ./src/main.o
                0x10000b53                enviando485
 .bss.cantbytes
                0x10000b54        0x1 ./src/main.o
                0x10000b54                cantbytes
 .bss.findeenvio
                0x10000b55        0x1 ./src/main.o
                0x10000b55                findeenvio
 .bss.esperandoACK
                0x10000b56        0x1 ./src/main.o
                0x10000b56                esperandoACK
 .bss.enviarfindetx
                0x10000b57        0x1 ./src/main.o
                0x10000b57                enviarfindetx
 .bss.indice    0x10000b58        0x1 ./src/main.o
                0x10000b58                indice
 *(COMMON)
 COMMON         0x10000b59        0x1 ./src/FW_Drivers/FW_UART3.o
                0x10000b59                txStart3
 *fill*         0x10000b5a        0x2 
 COMMON         0x10000b5c      0x196 ./src/FW_Drivers/PR_Serie2.o
                0x10000b5c                tx_in2
                0x10000b5d                rx_in2
                0x10000b60                bufferRx2
                0x10000c28                bufferTx2
                0x10000cf0                rx_out2
                0x10000cf1                tx_out2
 *fill*         0x10000cf2        0x2 
 COMMON         0x10000cf4      0x198 ./src/FW_Drivers/PR_Serie3.o
                0x10000cf4                tx_buffer_empty3
                0x10000cf5                tx_in3
                0x10000cf8                bufferTx3
                0x10000dc0                tx_out3
                0x10000dc1                rx_out3
                0x10000dc2                rx_in3
                0x10000dc4                bufferRx3
 COMMON         0x10000e8c      0xdb4 ./src/main.o
                0x10000e8c                EventosM
                0x10000e90                TmrRunM
                0x10000eb4                flag_flash
                0x10000eb5                velocidadActual
                0x10000eb6                cambioDeIndice
                0x10000eb8                bufferuart3
                0x10000ec8                bufferPantalla
                0x10001184                indexRestart
                0x10001188                Mensajes
                0x10001c30                Humestring
                0x10001c38                Tempstring
                0x10001c40                . = ALIGN (0x4)
                0x10001c40                _ebss = .
                0x10001c40                PROVIDE (end, .)

.noinit_RAM2    0x2007c000        0x0
 *(.noinit.$RAM2*)
 *(.noinit.$RamAHB32*)
                0x2007c000                . = ALIGN (0x4)

.noinit         0x10001c40        0x0
                0x10001c40                _noinit = .
 *(.noinit*)
                0x10001c40                . = ALIGN (0x4)
                0x10001c40                _end_noinit = .
                0x10001c40                PROVIDE (_pvHeapStart, DEFINED (__user_heap_base)?__user_heap_base:.)
                0x10008000                PROVIDE (_vStackTop, DEFINED (__user_stack_top)?__user_stack_top:(__top_RamLoc32 - 0x0))
OUTPUT(PlacaMaster.axf elf32-littlearm)

.debug_info     0x00000000     0x1aa4
 .debug_info    0x00000000       0x62 ./src/FW_Inicializaciones/FW_InitUART2.o
 .debug_info    0x00000062       0x62 ./src/FW_Inicializaciones/FW_InitUART3.o
 .debug_info    0x000000c4       0xda ./src/FW_Inicializaciones/KitInic.o
 .debug_info    0x0000019e      0x1d5 ./src/FW_Inicializaciones/UtilesInfo2.o
 .debug_info    0x00000373      0x24b ./src/FW_Inicializaciones/cr_startup_lpc176x.o
 .debug_info    0x000005be      0x197 ./src/FW_Drivers/FW_DHTxx.o
 .debug_info    0x00000755      0x36b ./src/FW_Drivers/FW_Pantalla.o
 .debug_info    0x00000ac0      0x128 ./src/FW_Drivers/FW_TimersM.o
 .debug_info    0x00000be8      0x255 ./src/FW_Drivers/FW_UART2.o
 .debug_info    0x00000e3d      0x10b ./src/FW_Drivers/FW_UART3.o
 .debug_info    0x00000f48       0xe8 ./src/FW_Drivers/FW_isr.o
 .debug_info    0x00001030      0x209 ./src/FW_Drivers/PR_Serie2.o
 .debug_info    0x00001239      0x446 ./src/FW_Drivers/PR_Serie3.o
 .debug_info    0x0000167f      0x425 ./src/main.o

.debug_abbrev   0x00000000      0xa9a
 .debug_abbrev  0x00000000       0x47 ./src/FW_Inicializaciones/FW_InitUART2.o
 .debug_abbrev  0x00000047       0x47 ./src/FW_Inicializaciones/FW_InitUART3.o
 .debug_abbrev  0x0000008e       0xad ./src/FW_Inicializaciones/KitInic.o
 .debug_abbrev  0x0000013b       0x81 ./src/FW_Inicializaciones/UtilesInfo2.o
 .debug_abbrev  0x000001bc       0xf5 ./src/FW_Inicializaciones/cr_startup_lpc176x.o
 .debug_abbrev  0x000002b1       0x97 ./src/FW_Drivers/FW_DHTxx.o
 .debug_abbrev  0x00000348      0x155 ./src/FW_Drivers/FW_Pantalla.o
 .debug_abbrev  0x0000049d       0xa5 ./src/FW_Drivers/FW_TimersM.o
 .debug_abbrev  0x00000542      0x113 ./src/FW_Drivers/FW_UART2.o
 .debug_abbrev  0x00000655       0x89 ./src/FW_Drivers/FW_UART3.o
 .debug_abbrev  0x000006de       0x90 ./src/FW_Drivers/FW_isr.o
 .debug_abbrev  0x0000076e       0xf2 ./src/FW_Drivers/PR_Serie2.o
 .debug_abbrev  0x00000860      0x15a ./src/FW_Drivers/PR_Serie3.o
 .debug_abbrev  0x000009ba       0xe0 ./src/main.o

.debug_aranges  0x00000000      0x370
 .debug_aranges
                0x00000000       0x20 ./src/FW_Inicializaciones/FW_InitUART2.o
 .debug_aranges
                0x00000020       0x20 ./src/FW_Inicializaciones/FW_InitUART3.o
 .debug_aranges
                0x00000040       0x48 ./src/FW_Inicializaciones/KitInic.o
 .debug_aranges
                0x00000088       0x48 ./src/FW_Inicializaciones/UtilesInfo2.o
 .debug_aranges
                0x000000d0       0x80 ./src/FW_Inicializaciones/cr_startup_lpc176x.o
 .debug_aranges
                0x00000150       0x20 ./src/FW_Drivers/FW_DHTxx.o
 .debug_aranges
                0x00000170       0x80 ./src/FW_Drivers/FW_Pantalla.o
 .debug_aranges
                0x000001f0       0x40 ./src/FW_Drivers/FW_TimersM.o
 .debug_aranges
                0x00000230       0x28 ./src/FW_Drivers/FW_UART2.o
 .debug_aranges
                0x00000258       0x20 ./src/FW_Drivers/FW_UART3.o
 .debug_aranges
                0x00000278       0x30 ./src/FW_Drivers/FW_isr.o
 .debug_aranges
                0x000002a8       0x40 ./src/FW_Drivers/PR_Serie2.o
 .debug_aranges
                0x000002e8       0x68 ./src/FW_Drivers/PR_Serie3.o
 .debug_aranges
                0x00000350       0x20 ./src/main.o

.debug_ranges   0x00000000      0x290
 .debug_ranges  0x00000000       0x10 ./src/FW_Inicializaciones/FW_InitUART2.o
 .debug_ranges  0x00000010       0x10 ./src/FW_Inicializaciones/FW_InitUART3.o
 .debug_ranges  0x00000020       0x38 ./src/FW_Inicializaciones/KitInic.o
 .debug_ranges  0x00000058       0x38 ./src/FW_Inicializaciones/UtilesInfo2.o
 .debug_ranges  0x00000090       0x70 ./src/FW_Inicializaciones/cr_startup_lpc176x.o
 .debug_ranges  0x00000100       0x10 ./src/FW_Drivers/FW_DHTxx.o
 .debug_ranges  0x00000110       0x70 ./src/FW_Drivers/FW_Pantalla.o
 .debug_ranges  0x00000180       0x30 ./src/FW_Drivers/FW_TimersM.o
 .debug_ranges  0x000001b0       0x18 ./src/FW_Drivers/FW_UART2.o
 .debug_ranges  0x000001c8       0x10 ./src/FW_Drivers/FW_UART3.o
 .debug_ranges  0x000001d8       0x20 ./src/FW_Drivers/FW_isr.o
 .debug_ranges  0x000001f8       0x30 ./src/FW_Drivers/PR_Serie2.o
 .debug_ranges  0x00000228       0x58 ./src/FW_Drivers/PR_Serie3.o
 .debug_ranges  0x00000280       0x10 ./src/main.o

.debug_macro    0x00000000     0x1921
 .debug_macro   0x00000000       0x8c ./src/FW_Inicializaciones/FW_InitUART2.o
 .debug_macro   0x0000008c      0x86e ./src/FW_Inicializaciones/FW_InitUART2.o
 .debug_macro   0x000008fa       0x82 ./src/FW_Inicializaciones/FW_InitUART2.o
 .debug_macro   0x0000097c       0x34 ./src/FW_Inicializaciones/FW_InitUART2.o
 .debug_macro   0x000009b0      0x6c4 ./src/FW_Inicializaciones/FW_InitUART2.o
 .debug_macro   0x00001074       0x34 ./src/FW_Inicializaciones/FW_InitUART2.o
 .debug_macro   0x000010a8      0x106 ./src/FW_Inicializaciones/FW_InitUART2.o
 .debug_macro   0x000011ae       0xa0 ./src/FW_Inicializaciones/FW_InitUART2.o
 .debug_macro   0x0000124e       0x16 ./src/FW_Inicializaciones/FW_InitUART2.o
 .debug_macro   0x00001264       0x22 ./src/FW_Inicializaciones/FW_InitUART2.o
 .debug_macro   0x00001286       0x52 ./src/FW_Inicializaciones/FW_InitUART2.o
 .debug_macro   0x000012d8       0x8c ./src/FW_Inicializaciones/FW_InitUART3.o
 .debug_macro   0x00001364       0x3c ./src/FW_Inicializaciones/KitInic.o
 .debug_macro   0x000013a0       0x3c ./src/FW_Inicializaciones/UtilesInfo2.o
 .debug_macro   0x000013dc       0x1d ./src/FW_Inicializaciones/cr_startup_lpc176x.o
 .debug_macro   0x000013f9       0x8c ./src/FW_Drivers/FW_DHTxx.o
 .debug_macro   0x00001485       0x8c ./src/FW_Drivers/FW_Pantalla.o
 .debug_macro   0x00001511       0x8c ./src/FW_Drivers/FW_TimersM.o
 .debug_macro   0x0000159d       0xc8 ./src/FW_Drivers/FW_UART2.o
 .debug_macro   0x00001665       0x8c ./src/FW_Drivers/FW_UART3.o
 .debug_macro   0x000016f1       0x8c ./src/FW_Drivers/FW_isr.o
 .debug_macro   0x0000177d       0x8c ./src/FW_Drivers/PR_Serie2.o
 .debug_macro   0x00001809       0x8c ./src/FW_Drivers/PR_Serie3.o
 .debug_macro   0x00001895       0x8c ./src/main.o

.debug_line     0x00000000     0x1dac
 .debug_line    0x00000000      0x1db ./src/FW_Inicializaciones/FW_InitUART2.o
 .debug_line    0x000001db      0x1de ./src/FW_Inicializaciones/FW_InitUART3.o
 .debug_line    0x000003b9      0x1be ./src/FW_Inicializaciones/KitInic.o
 .debug_line    0x00000577      0x144 ./src/FW_Inicializaciones/UtilesInfo2.o
 .debug_line    0x000006bb       0xe5 ./src/FW_Inicializaciones/cr_startup_lpc176x.o
 .debug_line    0x000007a0      0x26a ./src/FW_Drivers/FW_DHTxx.o
 .debug_line    0x00000a0a      0x342 ./src/FW_Drivers/FW_Pantalla.o
 .debug_line    0x00000d4c      0x223 ./src/FW_Drivers/FW_TimersM.o
 .debug_line    0x00000f6f      0x2c8 ./src/FW_Drivers/FW_UART2.o
 .debug_line    0x00001237      0x1e9 ./src/FW_Drivers/FW_UART3.o
 .debug_line    0x00001420      0x1f9 ./src/FW_Drivers/FW_isr.o
 .debug_line    0x00001619      0x240 ./src/FW_Drivers/PR_Serie2.o
 .debug_line    0x00001859      0x320 ./src/FW_Drivers/PR_Serie3.o
 .debug_line    0x00001b79      0x233 ./src/main.o

.debug_str      0x00000000     0x5057
 .debug_str     0x00000000     0x46c2 ./src/FW_Inicializaciones/FW_InitUART2.o
                               0x46f5 (size before relaxing)
 .debug_str     0x000046c2       0x34 ./src/FW_Inicializaciones/FW_InitUART3.o
                               0x46f5 (size before relaxing)
 .debug_str     0x000046f6       0x67 ./src/FW_Inicializaciones/KitInic.o
                               0x3e8d (size before relaxing)
 .debug_str     0x0000475d       0x83 ./src/FW_Inicializaciones/UtilesInfo2.o
                               0x3e95 (size before relaxing)
 .debug_str     0x000047e0      0x1d3 ./src/FW_Inicializaciones/cr_startup_lpc176x.o
                               0x263f (size before relaxing)
 .debug_str     0x000049b3       0x9a ./src/FW_Drivers/FW_DHTxx.o
                               0x476b (size before relaxing)
 .debug_str     0x00004a4d      0x180 ./src/FW_Drivers/FW_Pantalla.o
                               0x4880 (size before relaxing)
 .debug_str     0x00004bcd       0x63 ./src/FW_Drivers/FW_TimersM.o
                               0x473e (size before relaxing)
 .debug_str     0x00004c30       0xeb ./src/FW_Drivers/FW_UART2.o
                               0x47f2 (size before relaxing)
 .debug_str     0x00004d1b       0x80 ./src/FW_Drivers/FW_UART3.o
                               0x4759 (size before relaxing)
 .debug_str     0x00004d9b       0x74 ./src/FW_Drivers/FW_isr.o
                               0x475c (size before relaxing)
 .debug_str     0x00004e0f       0xb9 ./src/FW_Drivers/PR_Serie2.o
                               0x4794 (size before relaxing)
 .debug_str     0x00004ec8      0x12d ./src/FW_Drivers/PR_Serie3.o
                               0x487e (size before relaxing)
 .debug_str     0x00004ff5       0x62 ./src/main.o
                               0x4896 (size before relaxing)

.comment        0x00000000       0x70
 .comment       0x00000000       0x70 ./src/FW_Inicializaciones/FW_InitUART2.o
                                 0x71 (size before relaxing)
 .comment       0x00000000       0x71 ./src/FW_Inicializaciones/FW_InitUART3.o
 .comment       0x00000000       0x71 ./src/FW_Inicializaciones/KitInic.o
 .comment       0x00000000       0x71 ./src/FW_Inicializaciones/UtilesInfo2.o
 .comment       0x00000000       0x71 ./src/FW_Inicializaciones/cr_startup_lpc176x.o
 .comment       0x00000000       0x71 ./src/FW_Drivers/FW_DHTxx.o
 .comment       0x00000000       0x71 ./src/FW_Drivers/FW_Pantalla.o
 .comment       0x00000000       0x71 ./src/FW_Drivers/FW_TimersM.o
 .comment       0x00000000       0x71 ./src/FW_Drivers/FW_UART2.o
 .comment       0x00000000       0x71 ./src/FW_Drivers/FW_UART3.o
 .comment       0x00000000       0x71 ./src/FW_Drivers/FW_isr.o
 .comment       0x00000000       0x71 ./src/FW_Drivers/PR_Serie2.o
 .comment       0x00000000       0x71 ./src/FW_Drivers/PR_Serie3.o
 .comment       0x00000000       0x71 ./src/main.o
 .comment       0x00000000       0x71 c:/nxp/lpcxpresso_7.7.2_379/lpcxpresso/tools/bin/../lib/gcc/arm-none-eabi/4.9.3/../../../../arm-none-eabi/lib/armv7-m\libcr_c.a(__weak__main.o)
 .comment       0x00000000       0x71 c:/nxp/lpcxpresso_7.7.2_379/lpcxpresso/tools/bin/../lib/gcc/arm-none-eabi/4.9.3/../../../../arm-none-eabi/lib/armv7-m\libcr_c.a(strcpy.o)
 .comment       0x00000000       0x71 c:/nxp/lpcxpresso_7.7.2_379/lpcxpresso/tools/bin/../lib/gcc/arm-none-eabi/4.9.3/../../../../arm-none-eabi/lib/armv7-m\libcr_c.a(strlen.o)

.ARM.attributes
                0x00000000       0x33
 .ARM.attributes
                0x00000000       0x33 ./src/FW_Inicializaciones/FW_InitUART2.o
 .ARM.attributes
                0x00000033       0x33 ./src/FW_Inicializaciones/FW_InitUART3.o
 .ARM.attributes
                0x00000066       0x33 ./src/FW_Inicializaciones/KitInic.o
 .ARM.attributes
                0x00000099       0x33 ./src/FW_Inicializaciones/UtilesInfo2.o
 .ARM.attributes
                0x000000cc       0x33 ./src/FW_Inicializaciones/cr_startup_lpc176x.o
 .ARM.attributes
                0x000000ff       0x33 ./src/FW_Drivers/FW_DHTxx.o
 .ARM.attributes
                0x00000132       0x33 ./src/FW_Drivers/FW_Pantalla.o
 .ARM.attributes
                0x00000165       0x33 ./src/FW_Drivers/FW_TimersM.o
 .ARM.attributes
                0x00000198       0x33 ./src/FW_Drivers/FW_UART2.o
 .ARM.attributes
                0x000001cb       0x33 ./src/FW_Drivers/FW_UART3.o
 .ARM.attributes
                0x000001fe       0x33 ./src/FW_Drivers/FW_isr.o
 .ARM.attributes
                0x00000231       0x33 ./src/FW_Drivers/PR_Serie2.o
 .ARM.attributes
                0x00000264       0x33 ./src/FW_Drivers/PR_Serie3.o
 .ARM.attributes
                0x00000297       0x33 ./src/main.o
 .ARM.attributes
                0x000002ca       0x33 c:/nxp/lpcxpresso_7.7.2_379/lpcxpresso/tools/bin/../lib/gcc/arm-none-eabi/4.9.3/../../../../arm-none-eabi/lib/armv7-m\libcr_c.a(__weak__main.o)
 .ARM.attributes
                0x000002fd       0x33 c:/nxp/lpcxpresso_7.7.2_379/lpcxpresso/tools/bin/../lib/gcc/arm-none-eabi/4.9.3/../../../../arm-none-eabi/lib/armv7-m\libcr_c.a(strcpy.o)
 .ARM.attributes
                0x00000330       0x33 c:/nxp/lpcxpresso_7.7.2_379/lpcxpresso/tools/bin/../lib/gcc/arm-none-eabi/4.9.3/../../../../arm-none-eabi/lib/armv7-m\libcr_c.a(strlen.o)

.debug_frame    0x00000000      0x9b0
 .debug_frame   0x00000000       0x2c ./src/FW_Inicializaciones/FW_InitUART2.o
 .debug_frame   0x0000002c       0x2c ./src/FW_Inicializaciones/FW_InitUART3.o
 .debug_frame   0x00000058       0xc8 ./src/FW_Inicializaciones/KitInic.o
 .debug_frame   0x00000120      0x100 ./src/FW_Inicializaciones/UtilesInfo2.o
 .debug_frame   0x00000220      0x170 ./src/FW_Inicializaciones/cr_startup_lpc176x.o
 .debug_frame   0x00000390       0x38 ./src/FW_Drivers/FW_DHTxx.o
 .debug_frame   0x000003c8      0x19c ./src/FW_Drivers/FW_Pantalla.o
 .debug_frame   0x00000564       0xc8 ./src/FW_Drivers/FW_TimersM.o
 .debug_frame   0x0000062c       0x60 ./src/FW_Drivers/FW_UART2.o
 .debug_frame   0x0000068c       0x34 ./src/FW_Drivers/FW_UART3.o
 .debug_frame   0x000006c0       0x68 ./src/FW_Drivers/FW_isr.o
 .debug_frame   0x00000728       0xd0 ./src/FW_Drivers/PR_Serie2.o
 .debug_frame   0x000007f8      0x188 ./src/FW_Drivers/PR_Serie3.o
 .debug_frame   0x00000980       0x30 ./src/main.o
